1
0
1
ASSEMBLY
3
FLUID_INST
FLUID
PIPE_INST
PIPE
ROCK_INST
ROCK
3
FLUID_INST
14
-2147483646
0
48 1 16 5 0 1 0 -1 -1 324 1 -1879048189 1 324 
14
48 1 16 5 0 1 0 -1 -1 324 1 -1879048189 1 324 
PIPE_INST
14
-2147483646
0
48 1 16 5 0 1 0 -1 -1 324 1 -1879048189 325 324 
14
48 1 16 5 0 1 0 -1 -1 324 1 -1879048189 1 324 
ROCK_INST
14
-2147483646
0
48 1 16 5 0 1 0 -1 -1 2026 1 -1879048189 649 2026 
14
48 1 16 5 0 1 0 -1 -1 2026 1 -1879048189 1 2026 
0
3
FLUID_INST
240
1 1
2 2
3 3
4 4
5 5
6 6
7 7
8 8
9 9
10 10
11 11
12 12
13 13
14 14
15 15
16 16
17 17
18 18
19 19
20 20
21 21
22 22
23 23
24 24
25 25
26 26
27 27
28 28
29 29
30 30
31 31
32 32
33 33
34 34
35 35
36 36
37 37
38 38
39 39
40 40
41 41
42 42
43 43
44 44
45 45
46 46
47 47
48 48
49 49
50 50
51 51
52 52
53 53
54 54
55 55
56 56
57 57
58 58
59 59
60 60
61 61
62 62
63 63
64 64
65 65
66 66
67 67
68 68
69 69
70 70
71 71
72 72
73 73
74 74
75 75
76 76
77 77
78 78
79 79
80 80
81 81
82 82
83 83
84 84
85 85
86 86
87 87
88 88
89 89
90 90
91 91
92 92
93 93
94 94
95 95
96 96
97 97
98 98
99 99
100 100
101 101
102 102
103 103
104 104
105 105
106 106
107 107
108 108
109 109
110 110
111 111
112 112
113 113
114 114
115 115
116 116
117 117
118 118
119 119
120 120
121 121
122 122
123 123
124 124
125 125
126 126
127 127
128 128
129 129
130 130
131 131
132 132
133 133
134 134
135 135
136 136
137 137
138 138
139 139
140 140
141 141
142 142
143 143
144 144
145 145
146 146
147 147
148 148
149 149
150 150
151 151
152 152
153 153
154 154
155 155
156 156
157 157
158 158
159 159
160 160
161 161
162 162
163 163
164 164
165 165
166 166
167 167
168 168
169 169
170 170
171 171
172 172
173 173
174 174
175 175
176 176
177 177
178 178
179 179
180 180
181 181
182 182
183 183
184 184
185 185
186 186
187 187
188 188
189 189
190 190
191 191
192 192
193 193
194 194
195 195
196 196
197 197
198 198
199 199
200 200
201 201
202 202
203 203
204 204
205 205
206 206
207 207
208 208
209 209
210 210
211 211
212 212
213 213
214 214
215 215
216 216
217 217
218 218
219 219
220 220
221 221
222 222
223 223
224 224
225 225
226 226
227 227
228 228
229 229
230 230
231 231
232 232
233 233
234 234
235 235
236 236
237 237
238 238
239 239
240 240
-2147483647
PIPE_INST
240
241 1
242 2
243 3
244 4
245 5
246 6
247 7
248 8
249 9
250 10
251 11
252 12
253 13
254 14
255 15
256 16
257 17
258 18
259 19
260 20
261 21
262 22
263 23
264 24
265 25
266 26
267 27
268 28
269 29
270 30
271 31
272 32
273 33
274 34
275 35
276 36
277 37
278 38
279 39
280 40
281 41
282 42
283 43
284 44
285 45
286 46
287 47
288 48
289 49
290 50
291 51
292 52
293 53
294 54
295 55
296 56
297 57
298 58
299 59
300 60
301 61
302 62
303 63
304 64
305 65
306 66
307 67
308 68
309 69
310 70
311 71
312 72
313 73
314 74
315 75
316 76
317 77
318 78
319 79
320 80
321 81
322 82
323 83
324 84
325 85
326 86
327 87
328 88
329 89
330 90
331 91
332 92
333 93
334 94
335 95
336 96
337 97
338 98
339 99
340 100
341 101
342 102
343 103
344 104
345 105
346 106
347 107
348 108
349 109
350 110
351 111
352 112
353 113
354 114
355 115
356 116
357 117
358 118
359 119
360 120
361 121
362 122
363 123
364 124
365 125
366 126
367 127
368 128
369 129
370 130
371 131
372 132
373 133
374 134
375 135
376 136
377 137
378 138
379 139
380 140
381 141
382 142
383 143
384 144
385 145
386 146
387 147
388 148
389 149
390 150
391 151
392 152
393 153
394 154
395 155
396 156
397 157
398 158
399 159
400 160
401 161
402 162
403 163
404 164
405 165
406 166
407 167
408 168
409 169
410 170
411 171
412 172
413 173
414 174
415 175
416 176
417 177
418 178
419 179
420 180
421 181
422 182
423 183
424 184
425 185
426 186
427 187
428 188
429 189
430 190
431 191
432 192
433 193
434 194
435 195
436 196
437 197
438 198
439 199
440 200
441 201
442 202
443 203
444 204
445 205
446 206
447 207
448 208
449 209
450 210
451 211
452 212
453 213
454 214
455 215
456 216
457 217
458 218
459 219
460 220
461 221
462 222
463 223
464 224
465 225
466 226
467 227
468 228
469 229
470 230
471 231
472 232
473 233
474 234
475 235
476 236
477 237
478 238
479 239
480 240
-2147483647
ROCK_INST
14
-2147483646
0
48 1 16 5 0 1 0 -1 -1 1920 1 -1879048189 481 1920 
14
48 1 16 5 0 1 0 -1 -1 1920 1 -1879048189 1 1920 
0
29

0
2
0
3
FLUID_INST
240
1 2 3 4 5 6 7 8 9 10 11 12 13 14 15 16 17 18 19 20 21 22 23 24 25 26 27 28 29 30 31 32 33 34 35 36 37 38 39 40 41 42 43 44 45 46 47 48 49 50 51 52 53 54 55 56 57 58 59 60 61 62 63 64 65 66 67 68 69 70 71 72 73 74 75 76 77 78 79 80 81 82 83 84 85 86 87 88 89 90 91 92 93 94 95 96 97 98 99 100 101 102 103 104 105 106 107 108 109 110 111 112 113 114 115 116 117 118 119 120 121 122 123 124 125 126 127 128 129 130 131 132 133 134 135 136 137 138 139 140 141 142 143 144 145 146 147 148 149 150 151 152 153 154 155 156 157 158 159 160 161 162 163 164 165 166 167 168 169 170 171 172 173 174 175 176 177 178 179 180 181 182 183 184 185 186 187 188 189 190 191 192 193 194 195 196 197 198 199 200 201 202 203 204 205 206 207 208 209 210 211 212 213 214 215 216 217 218 219 220 221 222 223 224 225 226 227 228 229 230 231 232 233 234 235 236 237 238 239 240 
PIPE_INST
240
241 242 243 244 245 246 247 248 249 250 251 252 253 254 255 256 257 258 259 260 261 262 263 264 265 266 267 268 269 270 271 272 273 274 275 276 277 278 279 280 281 282 283 284 285 286 287 288 289 290 291 292 293 294 295 296 297 298 299 300 301 302 303 304 305 306 307 308 309 310 311 312 313 314 315 316 317 318 319 320 321 322 323 324 325 326 327 328 329 330 331 332 333 334 335 336 337 338 339 340 341 342 343 344 345 346 347 348 349 350 351 352 353 354 355 356 357 358 359 360 361 362 363 364 365 366 367 368 369 370 371 372 373 374 375 376 377 378 379 380 381 382 383 384 385 386 387 388 389 390 391 392 393 394 395 396 397 398 399 400 401 402 403 404 405 406 407 408 409 410 411 412 413 414 415 416 417 418 419 420 421 422 423 424 425 426 427 428 429 430 431 432 433 434 435 436 437 438 439 440 441 442 443 444 445 446 447 448 449 450 451 452 453 454 455 456 457 458 459 460 461 462 463 464 465 466 467 468 469 470 471 472 473 474 475 476 477 478 479 480 
ROCK_INST
14
-2147483647
48 1 16 5 0 1 0 -1 -1 1920 1 -1879048189 481 1920 
0
ALL
0
1
0
3
FLUID_INST
240
1 2 3 4 5 6 7 8 9 10 11 12 13 14 15 16 17 18 19 20 21 22 23 24 25 26 27 28 29 30 31 32 33 34 35 36 37 38 39 40 41 42 43 44 45 46 47 48 49 50 51 52 53 54 55 56 57 58 59 60 61 62 63 64 65 66 67 68 69 70 71 72 73 74 75 76 77 78 79 80 81 82 83 84 85 86 87 88 89 90 91 92 93 94 95 96 97 98 99 100 101 102 103 104 105 106 107 108 109 110 111 112 113 114 115 116 117 118 119 120 121 122 123 124 125 126 127 128 129 130 131 132 133 134 135 136 137 138 139 140 141 142 143 144 145 146 147 148 149 150 151 152 153 154 155 156 157 158 159 160 161 162 163 164 165 166 167 168 169 170 171 172 173 174 175 176 177 178 179 180 181 182 183 184 185 186 187 188 189 190 191 192 193 194 195 196 197 198 199 200 201 202 203 204 205 206 207 208 209 210 211 212 213 214 215 216 217 218 219 220 221 222 223 224 225 226 227 228 229 230 231 232 233 234 235 236 237 238 239 240 
PIPE_INST
240
241 242 243 244 245 246 247 248 249 250 251 252 253 254 255 256 257 258 259 260 261 262 263 264 265 266 267 268 269 270 271 272 273 274 275 276 277 278 279 280 281 282 283 284 285 286 287 288 289 290 291 292 293 294 295 296 297 298 299 300 301 302 303 304 305 306 307 308 309 310 311 312 313 314 315 316 317 318 319 320 321 322 323 324 325 326 327 328 329 330 331 332 333 334 335 336 337 338 339 340 341 342 343 344 345 346 347 348 349 350 351 352 353 354 355 356 357 358 359 360 361 362 363 364 365 366 367 368 369 370 371 372 373 374 375 376 377 378 379 380 381 382 383 384 385 386 387 388 389 390 391 392 393 394 395 396 397 398 399 400 401 402 403 404 405 406 407 408 409 410 411 412 413 414 415 416 417 418 419 420 421 422 423 424 425 426 427 428 429 430 431 432 433 434 435 436 437 438 439 440 441 442 443 444 445 446 447 448 449 450 451 452 453 454 455 456 457 458 459 460 461 462 463 464 465 466 467 468 469 470 471 472 473 474 475 476 477 478 479 480 
ROCK_INST
14
-2147483647
48 1 16 5 0 1 0 -1 -1 1920 1 -1879048189 481 1920 
0
FASEI
0
1
0
2
FLUID_INST
240
1 2 3 4 5 6 7 8 9 10 11 12 13 14 15 16 17 18 19 20 21 22 23 24 25 26 27 28 29 30 31 32 33 34 35 36 37 38 39 40 41 42 43 44 45 46 47 48 49 50 51 52 53 54 55 56 57 58 59 60 61 62 63 64 65 66 67 68 69 70 71 72 73 74 75 76 77 78 79 80 81 82 83 84 85 86 87 88 89 90 91 92 93 94 95 96 97 98 99 100 101 102 103 104 105 106 107 108 109 110 111 112 113 114 115 116 117 118 119 120 121 122 123 124 125 126 127 128 129 130 131 132 133 134 135 136 137 138 139 140 141 142 143 144 145 146 147 148 149 150 151 152 153 154 155 156 157 158 159 160 161 162 163 164 165 166 167 168 169 170 171 172 173 174 175 176 177 178 179 180 181 182 183 184 185 186 187 188 189 190 191 192 193 194 195 196 197 198 199 200 201 202 203 204 205 206 207 208 209 210 211 212 213 214 215 216 217 218 219 220 221 222 223 224 225 226 227 228 229 230 231 232 233 234 235 236 237 238 239 240 
PIPE_INST
240
241 242 243 244 245 246 247 248 249 250 251 252 253 254 255 256 257 258 259 260 261 262 263 264 265 266 267 268 269 270 271 272 273 274 275 276 277 278 279 280 281 282 283 284 285 286 287 288 289 290 291 292 293 294 295 296 297 298 299 300 301 302 303 304 305 306 307 308 309 310 311 312 313 314 315 316 317 318 319 320 321 322 323 324 325 326 327 328 329 330 331 332 333 334 335 336 337 338 339 340 341 342 343 344 345 346 347 348 349 350 351 352 353 354 355 356 357 358 359 360 361 362 363 364 365 366 367 368 369 370 371 372 373 374 375 376 377 378 379 380 381 382 383 384 385 386 387 388 389 390 391 392 393 394 395 396 397 398 399 400 401 402 403 404 405 406 407 408 409 410 411 412 413 414 415 416 417 418 419 420 421 422 423 424 425 426 427 428 429 430 431 432 433 434 435 436 437 438 439 440 441 442 443 444 445 446 447 448 449 450 451 452 453 454 455 456 457 458 459 460 461 462 463 464 465 466 467 468 469 470 471 472 473 474 475 476 477 478 479 480 
0
FASEI_COMPLETED_WELL
0
1
0
1
PIPE_INST
80
243 246 249 252 255 258 261 264 267 270 273 276 279 282 285 288 291 294 297 300 303 306 309 312 315 318 321 324 327 330 333 336 339 342 345 348 351 354 357 360 363 366 369 372 375 378 381 384 387 390 393 396 399 402 405 408 411 414 417 420 423 426 429 432 435 438 441 444 447 450 453 456 459 462 465 468 471 474 477 480 
0
FASEI_OPEN_WELL
0
1
0
1
ROCK_INST
80
504 528 552 576 600 624 648 672 696 720 744 768 792 816 840 864 888 912 936 960 984 1008 1032 1056 1080 1104 1128 1152 1176 1200 1224 1248 1272 1296 1320 1344 1368 1392 1416 1440 1464 1488 1512 1536 1560 1584 1608 1632 1656 1680 1704 1728 1752 1776 1800 1824 1848 1872 1896 1920 1944 1968 1992 2016 2040 2064 2088 2112 2136 2160 2184 2208 2232 2256 2280 2304 2328 2352 2376 2400 
0
FASEI_WELL
0
1
0
1
ROCK_INST
80
504 528 552 576 600 624 648 672 696 720 744 768 792 816 840 864 888 912 936 960 984 1008 1032 1056 1080 1104 1128 1152 1176 1200 1224 1248 1272 1296 1320 1344 1368 1392 1416 1440 1464 1488 1512 1536 1560 1584 1608 1632 1656 1680 1704 1728 1752 1776 1800 1824 1848 1872 1896 1920 1944 1968 1992 2016 2040 2064 2088 2112 2136 2160 2184 2208 2232 2256 2280 2304 2328 2352 2376 2400 
0
MESH_TT_ANNULARS
0
1
0
1
FLUID_INST
6
1 2 3 238 239 240 
0
MESH_TT_PIPES
0
1
0
1
PIPE_INST
6
241 242 243 478 479 480 
0
MESH_TT_ROCK
0
1
0
1
ROCK_INST
48
481 482 483 484 485 486 487 488 489 490 491 492 493 494 495 496 497 498 499 500 501 502 503 504 2377 2378 2379 2380 2381 2382 2383 2384 2385 2386 2387 2388 2389 2390 2391 2392 2393 2394 2395 2396 2397 2398 2399 2400 
0
MESH_VERTICAL
0
1
0
3
FLUID_INST
160
1 3 4 6 7 9 10 12 13 15 16 18 19 21 22 24 25 27 28 30 31 33 34 36 37 39 40 42 43 45 46 48 49 51 52 54 55 57 58 60 61 63 64 66 67 69 70 72 73 75 76 78 79 81 82 84 85 87 88 90 91 93 94 96 97 99 100 102 103 105 106 108 109 111 112 114 115 117 118 120 121 123 124 126 127 129 130 132 133 135 136 138 139 141 142 144 145 147 148 150 151 153 154 156 157 159 160 162 163 165 166 168 169 171 172 174 175 177 178 180 181 183 184 186 187 189 190 192 193 195 196 198 199 201 202 204 205 207 208 210 211 213 214 216 217 219 220 222 223 225 226 228 229 231 232 234 235 237 238 240 
PIPE_INST
160
241 243 244 246 247 249 250 252 253 255 256 258 259 261 262 264 265 267 268 270 271 273 274 276 277 279 280 282 283 285 286 288 289 291 292 294 295 297 298 300 301 303 304 306 307 309 310 312 313 315 316 318 319 321 322 324 325 327 328 330 331 333 334 336 337 339 340 342 343 345 346 348 349 351 352 354 355 357 358 360 361 363 364 366 367 369 370 372 373 375 376 378 379 381 382 384 385 387 388 390 391 393 394 396 397 399 400 402 403 405 406 408 409 411 412 414 415 417 418 420 421 423 424 426 427 429 430 432 433 435 436 438 439 441 442 444 445 447 448 450 451 453 454 456 457 459 460 462 463 465 466 468 469 471 472 474 475 477 478 480 
ROCK_INST
160
481 504 505 528 529 552 553 576 577 600 601 624 625 648 649 672 673 696 697 720 721 744 745 768 769 792 793 816 817 840 841 864 865 888 889 912 913 936 937 960 961 984 985 1008 1009 1032 1033 1056 1057 1080 1081 1104 1105 1128 1129 1152 1153 1176 1177 1200 1201 1224 1225 1248 1249 1272 1273 1296 1297 1320 1321 1344 1345 1368 1369 1392 1393 1416 1417 1440 1441 1464 1465 1488 1489 1512 1513 1536 1537 1560 1561 1584 1585 1608 1609 1632 1633 1656 1657 1680 1681 1704 1705 1728 1729 1752 1753 1776 1777 1800 1801 1824 1825 1848 1849 1872 1873 1896 1897 1920 1921 1944 1945 1968 1969 1992 1993 2016 2017 2040 2041 2064 2065 2088 2089 2112 2113 2136 2137 2160 2161 2184 2185 2208 2209 2232 2233 2256 2257 2280 2281 2304 2305 2328 2329 2352 2353 2376 2377 2400 
0
ROCK_BC
0
1
0
1
ROCK_INST
80
481 505 529 553 577 601 625 649 673 697 721 745 769 793 817 841 865 889 913 937 961 985 1009 1033 1057 1081 1105 1129 1153 1177 1201 1225 1249 1273 1297 1321 1345 1369 1393 1417 1441 1465 1489 1513 1537 1561 1585 1609 1633 1657 1681 1705 1729 1753 1777 1801 1825 1849 1873 1897 1921 1945 1969 1993 2017 2041 2065 2089 2113 2137 2161 2185 2209 2233 2257 2281 2305 2329 2353 2377 
0
ROCK_OUTPUT
0
1
0
1
ROCK_INST
14
-2147483647
48 1 16 5 0 1 0 -1 -1 1920 1 -1879048189 481 1920 
0
WarnElemAspectRatio
0
1
0
3
FLUID_INST
240
1 2 3 4 5 6 7 8 9 10 11 12 13 14 15 16 17 18 19 20 21 22 23 24 25 26 27 28 29 30 31 32 33 34 35 36 37 38 39 40 41 42 43 44 45 46 47 48 49 50 51 52 53 54 55 56 57 58 59 60 61 62 63 64 65 66 67 68 69 70 71 72 73 74 75 76 77 78 79 80 81 82 83 84 85 86 87 88 89 90 91 92 93 94 95 96 97 98 99 100 101 102 103 104 105 106 107 108 109 110 111 112 113 114 115 116 117 118 119 120 121 122 123 124 125 126 127 128 129 130 131 132 133 134 135 136 137 138 139 140 141 142 143 144 145 146 147 148 149 150 151 152 153 154 155 156 157 158 159 160 161 162 163 164 165 166 167 168 169 170 171 172 173 174 175 176 177 178 179 180 181 182 183 184 185 186 187 188 189 190 191 192 193 194 195 196 197 198 199 200 201 202 203 204 205 206 207 208 209 210 211 212 213 214 215 216 217 218 219 220 221 222 223 224 225 226 227 228 229 230 231 232 233 234 235 236 237 238 239 240 
PIPE_INST
240
241 242 243 244 245 246 247 248 249 250 251 252 253 254 255 256 257 258 259 260 261 262 263 264 265 266 267 268 269 270 271 272 273 274 275 276 277 278 279 280 281 282 283 284 285 286 287 288 289 290 291 292 293 294 295 296 297 298 299 300 301 302 303 304 305 306 307 308 309 310 311 312 313 314 315 316 317 318 319 320 321 322 323 324 325 326 327 328 329 330 331 332 333 334 335 336 337 338 339 340 341 342 343 344 345 346 347 348 349 350 351 352 353 354 355 356 357 358 359 360 361 362 363 364 365 366 367 368 369 370 371 372 373 374 375 376 377 378 379 380 381 382 383 384 385 386 387 388 389 390 391 392 393 394 395 396 397 398 399 400 401 402 403 404 405 406 407 408 409 410 411 412 413 414 415 416 417 418 419 420 421 422 423 424 425 426 427 428 429 430 431 432 433 434 435 436 437 438 439 440 441 442 443 444 445 446 447 448 449 450 451 452 453 454 455 456 457 458 459 460 461 462 463 464 465 466 467 468 469 470 471 472 473 474 475 476 477 478 479 480 
ROCK_INST
16
-2147483647
56 1 16 7 0 1 0 -1 -1 720 1 -1342177277 496 9 80 24 
0
YSYM_BASE
0
1
0
3
FLUID_INST
3
238 239 240 
PIPE_INST
3
478 479 480 
ROCK_INST
24
2377 2378 2379 2380 2381 2382 2383 2384 2385 2386 2387 2388 2389 2390 2391 2392 2393 2394 2395 2396 2397 2398 2399 2400 
0
YSYM_TOP
0
1
0
3
FLUID_INST
3
1 2 3 
PIPE_INST
3
241 242 243 
ROCK_INST
24
481 482 483 484 485 486 487 488 489 490 491 492 493 494 495 496 497 498 499 500 501 502 503 504 
0
_FASEI_ANNULAR_S1
0
2
0
1
FLUID_INST
3
1 2 3 
0
_FASEI_ANNULAR_S2
0
2
0
1
FLUID_INST
80
3 6 9 12 15 18 21 24 27 30 33 36 39 42 45 48 51 54 57 60 63 66 69 72 75 78 81 84 87 90 93 96 99 102 105 108 111 114 117 120 123 126 129 132 135 138 141 144 147 150 153 156 159 162 165 168 171 174 177 180 183 186 189 192 195 198 201 204 207 210 213 216 219 222 225 228 231 234 237 240 
0
_FASEI_ANNULAR_S3
0
2
0
1
FLUID_INST
3
238 239 240 
0
_FASEI_ANNULAR_S4
0
2
0
1
FLUID_INST
80
1 4 7 10 13 16 19 22 25 28 31 34 37 40 43 46 49 52 55 58 61 64 67 70 73 76 79 82 85 88 91 94 97 100 103 106 109 112 115 118 121 124 127 130 133 136 139 142 145 148 151 154 157 160 163 166 169 172 175 178 181 184 187 190 193 196 199 202 205 208 211 214 217 220 223 226 229 232 235 238 
0
_FASEI_COMPLETED_WELL_S2
0
2
0
1
PIPE_INST
80
243 246 249 252 255 258 261 264 267 270 273 276 279 282 285 288 291 294 297 300 303 306 309 312 315 318 321 324 327 330 333 336 339 342 345 348 351 354 357 360 363 366 369 372 375 378 381 384 387 390 393 396 399 402 405 408 411 414 417 420 423 426 429 432 435 438 441 444 447 450 453 456 459 462 465 468 471 474 477 480 
0
_FASEI_FLUIDO_S2
0
2
0
1
ROCK_INST
80
504 528 552 576 600 624 648 672 696 720 744 768 792 816 840 864 888 912 936 960 984 1008 1032 1056 1080 1104 1128 1152 1176 1200 1224 1248 1272 1296 1320 1344 1368 1392 1416 1440 1464 1488 1512 1536 1560 1584 1608 1632 1656 1680 1704 1728 1752 1776 1800 1824 1848 1872 1896 1920 1944 1968 1992 2016 2040 2064 2088 2112 2136 2160 2184 2208 2232 2256 2280 2304 2328 2352 2376 2400 
0
_FASEI_FLUIDO_S4
0
2
0
1
PIPE_INST
80
241 244 247 250 253 256 259 262 265 268 271 274 277 280 283 286 289 292 295 298 301 304 307 310 313 316 319 322 325 328 331 334 337 340 343 346 349 352 355 358 361 364 367 370 373 376 379 382 385 388 391 394 397 400 403 406 409 412 415 418 421 424 427 430 433 436 439 442 445 448 451 454 457 460 463 466 469 472 475 478 
0
_FASEI_MASTER_S4
0
2
0
1
PIPE_INST
80
241 244 247 250 253 256 259 262 265 268 271 274 277 280 283 286 289 292 295 298 301 304 307 310 313 316 319 322 325 328 331 334 337 340 343 346 349 352 355 358 361 364 367 370 373 376 379 382 385 388 391 394 397 400 403 406 409 412 415 418 421 424 427 430 433 436 439 442 445 448 451 454 457 460 463 466 469 472 475 478 
0
_FASEI_OPEN_WELL_S2
0
2
0
1
ROCK_INST
80
504 528 552 576 600 624 648 672 696 720 744 768 792 816 840 864 888 912 936 960 984 1008 1032 1056 1080 1104 1128 1152 1176 1200 1224 1248 1272 1296 1320 1344 1368 1392 1416 1440 1464 1488 1512 1536 1560 1584 1608 1632 1656 1680 1704 1728 1752 1776 1800 1824 1848 1872 1896 1920 1944 1968 1992 2016 2040 2064 2088 2112 2136 2160 2184 2208 2232 2256 2280 2304 2328 2352 2376 2400 
0
_FASEI_REV_S1
0
2
0
1
PIPE_INST
3
241 242 243 
0
_FASEI_REV_S2
0
2
0
1
PIPE_INST
80
243 246 249 252 255 258 261 264 267 270 273 276 279 282 285 288 291 294 297 300 303 306 309 312 315 318 321 324 327 330 333 336 339 342 345 348 351 354 357 360 363 366 369 372 375 378 381 384 387 390 393 396 399 402 405 408 411 414 417 420 423 426 429 432 435 438 441 444 447 450 453 456 459 462 465 468 471 474 477 480 
0
_FASEI_REV_S3
0
2
0
1
PIPE_INST
3
478 479 480 
0
_FASEI_REV_S4
0
2
0
1
PIPE_INST
80
241 244 247 250 253 256 259 262 265 268 271 274 277 280 283 286 289 292 295 298 301 304 307 310 313 316 319 322 325 328 331 334 337 340 343 346 349 352 355 358 361 364 367 370 373 376 379 382 385 388 391 394 397 400 403 406 409 412 415 418 421 424 427 430 433 436 439 442 445 448 451 454 457 460 463 466 469 472 475 478 
0
_FASEI_WELL_S2
0
2
0
1
ROCK_INST
80
504 528 552 576 600 624 648 672 696 720 744 768 792 816 840 864 888 912 936 960 984 1008 1032 1056 1080 1104 1128 1152 1176 1200 1224 1248 1272 1296 1320 1344 1368 1392 1416 1440 1464 1488 1512 1536 1560 1584 1608 1632 1656 1680 1704 1728 1752 1776 1800 1824 1848 1872 1896 1920 1944 1968 1992 2016 2040 2064 2088 2112 2136 2160 2184 2208 2232 2256 2280 2304 2328 2352 2376 2400 
0
3
FLUID_INST
18
 P       1
0
2
240
1 2 3 4 5 6 7 8 9 10 11 12 13 14 15 16 17 18 19 20 21 22 23 24 25 26 27 28 29 30 31 32 33 34 35 36 37 38 39 40 41 42 43 44 45 46 47 48 49 50 51 52 53 54 55 56 57 58 59 60 61 62 63 64 65 66 67 68 69 70 71 72 73 74 75 76 77 78 79 80 81 82 83 84 85 86 87 88 89 90 91 92 93 94 95 96 97 98 99 100 101 102 103 104 105 106 107 108 109 110 111 112 113 114 115 116 117 118 119 120 121 122 123 124 125 126 127 128 129 130 131 132 133 134 135 136 137 138 139 140 141 142 143 144 145 146 147 148 149 150 151 152 153 154 155 156 157 158 159 160 161 162 163 164 165 166 167 168 169 170 171 172 173 174 175 176 177 178 179 180 181 182 183 184 185 186 187 188 189 190 191 192 193 194 195 196 197 198 199 200 201 202 203 204 205 206 207 208 209 210 211 212 213 214 215 216 217 218 219 220 221 222 223 224 225 226 227 228 229 230 231 232 233 234 235 236 237 238 239 240 
0
0
 P       1ALL
0
2
240
1 2 3 4 5 6 7 8 9 10 11 12 13 14 15 16 17 18 19 20 21 22 23 24 25 26 27 28 29 30 31 32 33 34 35 36 37 38 39 40 41 42 43 44 45 46 47 48 49 50 51 52 53 54 55 56 57 58 59 60 61 62 63 64 65 66 67 68 69 70 71 72 73 74 75 76 77 78 79 80 81 82 83 84 85 86 87 88 89 90 91 92 93 94 95 96 97 98 99 100 101 102 103 104 105 106 107 108 109 110 111 112 113 114 115 116 117 118 119 120 121 122 123 124 125 126 127 128 129 130 131 132 133 134 135 136 137 138 139 140 141 142 143 144 145 146 147 148 149 150 151 152 153 154 155 156 157 158 159 160 161 162 163 164 165 166 167 168 169 170 171 172 173 174 175 176 177 178 179 180 181 182 183 184 185 186 187 188 189 190 191 192 193 194 195 196 197 198 199 200 201 202 203 204 205 206 207 208 209 210 211 212 213 214 215 216 217 218 219 220 221 222 223 224 225 226 227 228 229 230 231 232 233 234 235 236 237 238 239 240 
0
0
 P       1FASEI
0
2
240
1 2 3 4 5 6 7 8 9 10 11 12 13 14 15 16 17 18 19 20 21 22 23 24 25 26 27 28 29 30 31 32 33 34 35 36 37 38 39 40 41 42 43 44 45 46 47 48 49 50 51 52 53 54 55 56 57 58 59 60 61 62 63 64 65 66 67 68 69 70 71 72 73 74 75 76 77 78 79 80 81 82 83 84 85 86 87 88 89 90 91 92 93 94 95 96 97 98 99 100 101 102 103 104 105 106 107 108 109 110 111 112 113 114 115 116 117 118 119 120 121 122 123 124 125 126 127 128 129 130 131 132 133 134 135 136 137 138 139 140 141 142 143 144 145 146 147 148 149 150 151 152 153 154 155 156 157 158 159 160 161 162 163 164 165 166 167 168 169 170 171 172 173 174 175 176 177 178 179 180 181 182 183 184 185 186 187 188 189 190 191 192 193 194 195 196 197 198 199 200 201 202 203 204 205 206 207 208 209 210 211 212 213 214 215 216 217 218 219 220 221 222 223 224 225 226 227 228 229 230 231 232 233 234 235 236 237 238 239 240 
0
0
 P       1MESH_VERTICAL
0
2
160
1 3 4 6 7 9 10 12 13 15 16 18 19 21 22 24 25 27 28 30 31 33 34 36 37 39 40 42 43 45 46 48 49 51 52 54 55 57 58 60 61 63 64 66 67 69 70 72 73 75 76 78 79 81 82 84 85 87 88 90 91 93 94 96 97 99 100 102 103 105 106 108 109 111 112 114 115 117 118 120 121 123 124 126 127 129 130 132 133 135 136 138 139 141 142 144 145 147 148 150 151 153 154 156 157 159 160 162 163 165 166 168 169 171 172 174 175 177 178 180 181 183 184 186 187 189 190 192 193 195 196 198 199 201 202 204 205 207 208 210 211 213 214 216 217 219 220 222 223 225 226 228 229 231 232 234 235 237 238 240 
0
0
 P       1WarnElemAspectRatio
0
2
240
1 2 3 4 5 6 7 8 9 10 11 12 13 14 15 16 17 18 19 20 21 22 23 24 25 26 27 28 29 30 31 32 33 34 35 36 37 38 39 40 41 42 43 44 45 46 47 48 49 50 51 52 53 54 55 56 57 58 59 60 61 62 63 64 65 66 67 68 69 70 71 72 73 74 75 76 77 78 79 80 81 82 83 84 85 86 87 88 89 90 91 92 93 94 95 96 97 98 99 100 101 102 103 104 105 106 107 108 109 110 111 112 113 114 115 116 117 118 119 120 121 122 123 124 125 126 127 128 129 130 131 132 133 134 135 136 137 138 139 140 141 142 143 144 145 146 147 148 149 150 151 152 153 154 155 156 157 158 159 160 161 162 163 164 165 166 167 168 169 170 171 172 173 174 175 176 177 178 179 180 181 182 183 184 185 186 187 188 189 190 191 192 193 194 195 196 197 198 199 200 201 202 203 204 205 206 207 208 209 210 211 212 213 214 215 216 217 218 219 220 221 222 223 224 225 226 227 228 229 230 231 232 233 234 235 236 237 238 239 240 
0
0
 P       1YSYM_BASE
0
2
3
238 239 240 
0
0
 P       1YSYM_TOP
0
2
3
1 2 3 
0
0
FASEI_ANNULAR
0
1
240
1 2 3 4 5 6 7 8 9 10 11 12 13 14 15 16 17 18 19 20 21 22 23 24 25 26 27 28 29 30 31 32 33 34 35 36 37 38 39 40 41 42 43 44 45 46 47 48 49 50 51 52 53 54 55 56 57 58 59 60 61 62 63 64 65 66 67 68 69 70 71 72 73 74 75 76 77 78 79 80 81 82 83 84 85 86 87 88 89 90 91 92 93 94 95 96 97 98 99 100 101 102 103 104 105 106 107 108 109 110 111 112 113 114 115 116 117 118 119 120 121 122 123 124 125 126 127 128 129 130 131 132 133 134 135 136 137 138 139 140 141 142 143 144 145 146 147 148 149 150 151 152 153 154 155 156 157 158 159 160 161 162 163 164 165 166 167 168 169 170 171 172 173 174 175 176 177 178 179 180 181 182 183 184 185 186 187 188 189 190 191 192 193 194 195 196 197 198 199 200 201 202 203 204 205 206 207 208 209 210 211 212 213 214 215 216 217 218 219 220 221 222 223 224 225 226 227 228 229 230 231 232 233 234 235 236 237 238 239 240 
0
0
FASEI_ANNULAR_BASE
0
1
3
238 239 240 
0
0
FASEI_ANNULAR_ID
0
1
80
3 6 9 12 15 18 21 24 27 30 33 36 39 42 45 48 51 54 57 60 63 66 69 72 75 78 81 84 87 90 93 96 99 102 105 108 111 114 117 120 123 126 129 132 135 138 141 144 147 150 153 156 159 162 165 168 171 174 177 180 183 186 189 192 195 198 201 204 207 210 213 216 219 222 225 228 231 234 237 240 
0
0
FASEI_ANNULAR_OD
0
1
80
1 4 7 10 13 16 19 22 25 28 31 34 37 40 43 46 49 52 55 58 61 64 67 70 73 76 79 82 85 88 91 94 97 100 103 106 109 112 115 118 121 124 127 130 133 136 139 142 145 148 151 154 157 160 163 166 169 172 175 178 181 184 187 190 193 196 199 202 205 208 211 214 217 220 223 226 229 232 235 238 
0
0
FASEI_ANNULAR_TOP
0
1
3
1 2 3 
0
0
FASEI_ANNULAR_TT
0
1
6
1 2 3 238 239 240 
0
0
FASEI_FLUIDO
0
1
240
1 2 3 4 5 6 7 8 9 10 11 12 13 14 15 16 17 18 19 20 21 22 23 24 25 26 27 28 29 30 31 32 33 34 35 36 37 38 39 40 41 42 43 44 45 46 47 48 49 50 51 52 53 54 55 56 57 58 59 60 61 62 63 64 65 66 67 68 69 70 71 72 73 74 75 76 77 78 79 80 81 82 83 84 85 86 87 88 89 90 91 92 93 94 95 96 97 98 99 100 101 102 103 104 105 106 107 108 109 110 111 112 113 114 115 116 117 118 119 120 121 122 123 124 125 126 127 128 129 130 131 132 133 134 135 136 137 138 139 140 141 142 143 144 145 146 147 148 149 150 151 152 153 154 155 156 157 158 159 160 161 162 163 164 165 166 167 168 169 170 171 172 173 174 175 176 177 178 179 180 181 182 183 184 185 186 187 188 189 190 191 192 193 194 195 196 197 198 199 200 201 202 203 204 205 206 207 208 209 210 211 212 213 214 215 216 217 218 219 220 221 222 223 224 225 226 227 228 229 230 231 232 233 234 235 236 237 238 239 240 
0
0
FASEI_FLUIDO_BASE
0
1
3
238 239 240 
0
0
FASEI_FLUIDO_ID
0
1
80
3 6 9 12 15 18 21 24 27 30 33 36 39 42 45 48 51 54 57 60 63 66 69 72 75 78 81 84 87 90 93 96 99 102 105 108 111 114 117 120 123 126 129 132 135 138 141 144 147 150 153 156 159 162 165 168 171 174 177 180 183 186 189 192 195 198 201 204 207 210 213 216 219 222 225 228 231 234 237 240 
0
0
FASEI_FLUIDO_OD
0
1
80
1 4 7 10 13 16 19 22 25 28 31 34 37 40 43 46 49 52 55 58 61 64 67 70 73 76 79 82 85 88 91 94 97 100 103 106 109 112 115 118 121 124 127 130 133 136 139 142 145 148 151 154 157 160 163 166 169 172 175 178 181 184 187 190 193 196 199 202 205 208 211 214 217 220 223 226 229 232 235 238 
0
0
FASEI_FLUIDO_TOP
0
1
3
1 2 3 
0
0
0
PIPE_INST
14
 P       2
0
2
240
241 242 243 244 245 246 247 248 249 250 251 252 253 254 255 256 257 258 259 260 261 262 263 264 265 266 267 268 269 270 271 272 273 274 275 276 277 278 279 280 281 282 283 284 285 286 287 288 289 290 291 292 293 294 295 296 297 298 299 300 301 302 303 304 305 306 307 308 309 310 311 312 313 314 315 316 317 318 319 320 321 322 323 324 325 326 327 328 329 330 331 332 333 334 335 336 337 338 339 340 341 342 343 344 345 346 347 348 349 350 351 352 353 354 355 356 357 358 359 360 361 362 363 364 365 366 367 368 369 370 371 372 373 374 375 376 377 378 379 380 381 382 383 384 385 386 387 388 389 390 391 392 393 394 395 396 397 398 399 400 401 402 403 404 405 406 407 408 409 410 411 412 413 414 415 416 417 418 419 420 421 422 423 424 425 426 427 428 429 430 431 432 433 434 435 436 437 438 439 440 441 442 443 444 445 446 447 448 449 450 451 452 453 454 455 456 457 458 459 460 461 462 463 464 465 466 467 468 469 470 471 472 473 474 475 476 477 478 479 480 
0
0
 P       2ALL
0
2
240
241 242 243 244 245 246 247 248 249 250 251 252 253 254 255 256 257 258 259 260 261 262 263 264 265 266 267 268 269 270 271 272 273 274 275 276 277 278 279 280 281 282 283 284 285 286 287 288 289 290 291 292 293 294 295 296 297 298 299 300 301 302 303 304 305 306 307 308 309 310 311 312 313 314 315 316 317 318 319 320 321 322 323 324 325 326 327 328 329 330 331 332 333 334 335 336 337 338 339 340 341 342 343 344 345 346 347 348 349 350 351 352 353 354 355 356 357 358 359 360 361 362 363 364 365 366 367 368 369 370 371 372 373 374 375 376 377 378 379 380 381 382 383 384 385 386 387 388 389 390 391 392 393 394 395 396 397 398 399 400 401 402 403 404 405 406 407 408 409 410 411 412 413 414 415 416 417 418 419 420 421 422 423 424 425 426 427 428 429 430 431 432 433 434 435 436 437 438 439 440 441 442 443 444 445 446 447 448 449 450 451 452 453 454 455 456 457 458 459 460 461 462 463 464 465 466 467 468 469 470 471 472 473 474 475 476 477 478 479 480 
0
0
 P       2FASEI
0
2
240
241 242 243 244 245 246 247 248 249 250 251 252 253 254 255 256 257 258 259 260 261 262 263 264 265 266 267 268 269 270 271 272 273 274 275 276 277 278 279 280 281 282 283 284 285 286 287 288 289 290 291 292 293 294 295 296 297 298 299 300 301 302 303 304 305 306 307 308 309 310 311 312 313 314 315 316 317 318 319 320 321 322 323 324 325 326 327 328 329 330 331 332 333 334 335 336 337 338 339 340 341 342 343 344 345 346 347 348 349 350 351 352 353 354 355 356 357 358 359 360 361 362 363 364 365 366 367 368 369 370 371 372 373 374 375 376 377 378 379 380 381 382 383 384 385 386 387 388 389 390 391 392 393 394 395 396 397 398 399 400 401 402 403 404 405 406 407 408 409 410 411 412 413 414 415 416 417 418 419 420 421 422 423 424 425 426 427 428 429 430 431 432 433 434 435 436 437 438 439 440 441 442 443 444 445 446 447 448 449 450 451 452 453 454 455 456 457 458 459 460 461 462 463 464 465 466 467 468 469 470 471 472 473 474 475 476 477 478 479 480 
0
0
 P       2MESH_VERTICAL
0
2
160
241 243 244 246 247 249 250 252 253 255 256 258 259 261 262 264 265 267 268 270 271 273 274 276 277 279 280 282 283 285 286 288 289 291 292 294 295 297 298 300 301 303 304 306 307 309 310 312 313 315 316 318 319 321 322 324 325 327 328 330 331 333 334 336 337 339 340 342 343 345 346 348 349 351 352 354 355 357 358 360 361 363 364 366 367 369 370 372 373 375 376 378 379 381 382 384 385 387 388 390 391 393 394 396 397 399 400 402 403 405 406 408 409 411 412 414 415 417 418 420 421 423 424 426 427 429 430 432 433 435 436 438 439 441 442 444 445 447 448 450 451 453 454 456 457 459 460 462 463 465 466 468 469 471 472 474 475 477 478 480 
0
0
 P       2WarnElemAspectRatio
0
2
240
241 242 243 244 245 246 247 248 249 250 251 252 253 254 255 256 257 258 259 260 261 262 263 264 265 266 267 268 269 270 271 272 273 274 275 276 277 278 279 280 281 282 283 284 285 286 287 288 289 290 291 292 293 294 295 296 297 298 299 300 301 302 303 304 305 306 307 308 309 310 311 312 313 314 315 316 317 318 319 320 321 322 323 324 325 326 327 328 329 330 331 332 333 334 335 336 337 338 339 340 341 342 343 344 345 346 347 348 349 350 351 352 353 354 355 356 357 358 359 360 361 362 363 364 365 366 367 368 369 370 371 372 373 374 375 376 377 378 379 380 381 382 383 384 385 386 387 388 389 390 391 392 393 394 395 396 397 398 399 400 401 402 403 404 405 406 407 408 409 410 411 412 413 414 415 416 417 418 419 420 421 422 423 424 425 426 427 428 429 430 431 432 433 434 435 436 437 438 439 440 441 442 443 444 445 446 447 448 449 450 451 452 453 454 455 456 457 458 459 460 461 462 463 464 465 466 467 468 469 470 471 472 473 474 475 476 477 478 479 480 
0
0
 P       2YSYM_BASE
0
2
3
478 479 480 
0
0
 P       2YSYM_TOP
0
2
3
241 242 243 
0
0
FASEI_REV
0
1
240
241 242 243 244 245 246 247 248 249 250 251 252 253 254 255 256 257 258 259 260 261 262 263 264 265 266 267 268 269 270 271 272 273 274 275 276 277 278 279 280 281 282 283 284 285 286 287 288 289 290 291 292 293 294 295 296 297 298 299 300 301 302 303 304 305 306 307 308 309 310 311 312 313 314 315 316 317 318 319 320 321 322 323 324 325 326 327 328 329 330 331 332 333 334 335 336 337 338 339 340 341 342 343 344 345 346 347 348 349 350 351 352 353 354 355 356 357 358 359 360 361 362 363 364 365 366 367 368 369 370 371 372 373 374 375 376 377 378 379 380 381 382 383 384 385 386 387 388 389 390 391 392 393 394 395 396 397 398 399 400 401 402 403 404 405 406 407 408 409 410 411 412 413 414 415 416 417 418 419 420 421 422 423 424 425 426 427 428 429 430 431 432 433 434 435 436 437 438 439 440 441 442 443 444 445 446 447 448 449 450 451 452 453 454 455 456 457 458 459 460 461 462 463 464 465 466 467 468 469 470 471 472 473 474 475 476 477 478 479 480 
0
0
FASEI_REV_ABOVE_TOC
0
1
240
241 242 243 244 245 246 247 248 249 250 251 252 253 254 255 256 257 258 259 260 261 262 263 264 265 266 267 268 269 270 271 272 273 274 275 276 277 278 279 280 281 282 283 284 285 286 287 288 289 290 291 292 293 294 295 296 297 298 299 300 301 302 303 304 305 306 307 308 309 310 311 312 313 314 315 316 317 318 319 320 321 322 323 324 325 326 327 328 329 330 331 332 333 334 335 336 337 338 339 340 341 342 343 344 345 346 347 348 349 350 351 352 353 354 355 356 357 358 359 360 361 362 363 364 365 366 367 368 369 370 371 372 373 374 375 376 377 378 379 380 381 382 383 384 385 386 387 388 389 390 391 392 393 394 395 396 397 398 399 400 401 402 403 404 405 406 407 408 409 410 411 412 413 414 415 416 417 418 419 420 421 422 423 424 425 426 427 428 429 430 431 432 433 434 435 436 437 438 439 440 441 442 443 444 445 446 447 448 449 450 451 452 453 454 455 456 457 458 459 460 461 462 463 464 465 466 467 468 469 470 471 472 473 474 475 476 477 478 479 480 
0
0
FASEI_REV_BASE
0
1
3
478 479 480 
0
0
FASEI_REV_ID
0
1
80
243 246 249 252 255 258 261 264 267 270 273 276 279 282 285 288 291 294 297 300 303 306 309 312 315 318 321 324 327 330 333 336 339 342 345 348 351 354 357 360 363 366 369 372 375 378 381 384 387 390 393 396 399 402 405 408 411 414 417 420 423 426 429 432 435 438 441 444 447 450 453 456 459 462 465 468 471 474 477 480 
0
0
FASEI_REV_OD
0
1
80
241 244 247 250 253 256 259 262 265 268 271 274 277 280 283 286 289 292 295 298 301 304 307 310 313 316 319 322 325 328 331 334 337 340 343 346 349 352 355 358 361 364 367 370 373 376 379 382 385 388 391 394 397 400 403 406 409 412 415 418 421 424 427 430 433 436 439 442 445 448 451 454 457 460 463 466 469 472 475 478 
0
0
FASEI_REV_TOP
0
1
3
241 242 243 
0
0
FASEI_REV_TT
0
1
6
241 242 243 478 479 480 
0
0
0
ROCK_INST
13
 P       3
0
2
14
-2147483647
48 1 16 5 0 1 0 -1 -1 1920 1 -1879048189 481 1920 
0
0
 P       3ALL
0
2
14
-2147483647
48 1 16 5 0 1 0 -1 -1 1920 1 -1879048189 481 1920 
0
0
 P       3MESH_VERTICAL
0
2
160
481 504 505 528 529 552 553 576 577 600 601 624 625 648 649 672 673 696 697 720 721 744 745 768 769 792 793 816 817 840 841 864 865 888 889 912 913 936 937 960 961 984 985 1008 1009 1032 1033 1056 1057 1080 1081 1104 1105 1128 1129 1152 1153 1176 1177 1200 1201 1224 1225 1248 1249 1272 1273 1296 1297 1320 1321 1344 1345 1368 1369 1392 1393 1416 1417 1440 1441 1464 1465 1488 1489 1512 1513 1536 1537 1560 1561 1584 1585 1608 1609 1632 1633 1656 1657 1680 1681 1704 1705 1728 1729 1752 1753 1776 1777 1800 1801 1824 1825 1848 1849 1872 1873 1896 1897 1920 1921 1944 1945 1968 1969 1992 1993 2016 2017 2040 2041 2064 2065 2088 2089 2112 2113 2136 2137 2160 2161 2184 2185 2208 2209 2232 2233 2256 2257 2280 2281 2304 2305 2328 2329 2352 2353 2376 2377 2400 
0
0
 P       3WarnElemAspectRatio
0
2
16
-2147483647
56 1 16 7 0 1 0 -1 -1 720 1 -1342177277 496 9 80 24 
0
0
 P       3YSYM_BASE
0
2
24
2377 2378 2379 2380 2381 2382 2383 2384 2385 2386 2387 2388 2389 2390 2391 2392 2393 2394 2395 2396 2397 2398 2399 2400 
0
0
 P       3YSYM_TOP
0
2
24
481 482 483 484 485 486 487 488 489 490 491 492 493 494 495 496 497 498 499 500 501 502 503 504 
0
0
ALLROCK
0
1
14
-2147483647
48 1 16 5 0 1 0 -1 -1 1920 1 -1879048189 481 1920 
0
0
FASEI_SLAVE
0
1
14
-2147483647
48 1 16 5 0 1 0 -1 -1 1920 1 -1879048189 481 1920 
0
0
L1-I
0
1
14
-2147483647
48 1 16 5 0 1 0 -1 -1 1920 1 -1879048189 481 1920 
0
0
L1-I_BASE
0
1
24
2377 2378 2379 2380 2381 2382 2383 2384 2385 2386 2387 2388 2389 2390 2391 2392 2393 2394 2395 2396 2397 2398 2399 2400 
0
0
L1-I_ID
0
1
80
504 528 552 576 600 624 648 672 696 720 744 768 792 816 840 864 888 912 936 960 984 1008 1032 1056 1080 1104 1128 1152 1176 1200 1224 1248 1272 1296 1320 1344 1368 1392 1416 1440 1464 1488 1512 1536 1560 1584 1608 1632 1656 1680 1704 1728 1752 1776 1800 1824 1848 1872 1896 1920 1944 1968 1992 2016 2040 2064 2088 2112 2136 2160 2184 2208 2232 2256 2280 2304 2328 2352 2376 2400 
0
0
L1-I_OD
0
1
80
481 505 529 553 577 601 625 649 673 697 721 745 769 793 817 841 865 889 913 937 961 985 1009 1033 1057 1081 1105 1129 1153 1177 1201 1225 1249 1273 1297 1321 1345 1369 1393 1417 1441 1465 1489 1513 1537 1561 1585 1609 1633 1657 1681 1705 1729 1753 1777 1801 1825 1849 1873 1897 1921 1945 1969 1993 2017 2041 2065 2089 2113 2137 2161 2185 2209 2233 2257 2281 2305 2329 2353 2377 
0
0
L1-I_TOP
0
1
24
481 482 483 484 485 486 487 488 489 490 491 492 493 494 495 496 497 498 499 500 501 502 503 504 
0
0
0
15

0
2
0
3
FLUID_INST
14
-2147483647
48 1 16 5 0 1 0 -1 -1 324 1 -1879048189 1 324 
PIPE_INST
14
-2147483647
48 1 16 5 0 1 0 -1 -1 324 1 -1879048189 325 324 
ROCK_INST
14
-2147483647
48 1 16 5 0 1 0 -1 -1 2025 1 -1879048189 649 2025 
0
ALL
0
1
0
3
FLUID_INST
14
-2147483647
48 1 16 5 0 1 0 -1 -1 324 1 -1879048189 1 324 
PIPE_INST
14
-2147483647
48 1 16 5 0 1 0 -1 -1 324 1 -1879048189 325 324 
ROCK_INST
14
-2147483647
48 1 16 5 0 1 0 -1 -1 2025 1 -1879048189 649 2025 
0
FASEI
0
1
0
2
FLUID_INST
14
-2147483647
48 1 16 5 0 1 0 -1 -1 324 1 -1879048189 1 324 
PIPE_INST
14
-2147483647
48 1 16 5 0 1 0 -1 -1 324 1 -1879048189 325 324 
0
FASEI_COMPLETED_WELL
0
1
0
1
PIPE_INST
81
328 332 336 340 344 348 352 356 360 364 368 372 376 380 384 388 392 396 400 404 408 412 416 420 424 428 432 436 440 444 448 452 456 460 464 468 472 476 480 484 488 492 496 500 504 508 512 516 520 524 528 532 536 540 544 548 552 556 560 564 568 572 576 580 584 588 592 596 600 604 608 612 616 620 624 628 632 636 640 644 648 
0
FASEI_OPEN_WELL
0
1
0
1
ROCK_INST
81
673 698 723 748 773 798 823 848 873 898 923 948 973 998 1023 1048 1073 1098 1123 1148 1173 1198 1223 1248 1273 1298 1323 1348 1373 1398 1423 1448 1473 1498 1523 1548 1573 1598 1623 1648 1673 1698 1723 1748 1773 1798 1823 1848 1873 1898 1923 1948 1973 1998 2023 2048 2073 2098 2123 2148 2173 2198 2223 2248 2273 2298 2323 2348 2373 2398 2423 2448 2473 2498 2523 2548 2573 2598 2623 2648 2673 
0
FASEI_WELL
0
1
0
1
ROCK_INST
81
673 698 723 748 773 798 823 848 873 898 923 948 973 998 1023 1048 1073 1098 1123 1148 1173 1198 1223 1248 1273 1298 1323 1348 1373 1398 1423 1448 1473 1498 1523 1548 1573 1598 1623 1648 1673 1698 1723 1748 1773 1798 1823 1848 1873 1898 1923 1948 1973 1998 2023 2048 2073 2098 2123 2148 2173 2198 2223 2248 2273 2298 2323 2348 2373 2398 2423 2448 2473 2498 2523 2548 2573 2598 2623 2648 2673 
0
MESH_TT_ANNULARS
0
1
0
1
FLUID_INST
8
1 2 3 4 321 322 323 324 
0
MESH_TT_PIPES
0
1
0
1
PIPE_INST
8
325 326 327 328 645 646 647 648 
0
MESH_TT_ROCK
0
1
0
1
ROCK_INST
50
649 650 651 652 653 654 655 656 657 658 659 660 661 662 663 664 665 666 667 668 669 670 671 672 673 2649 2650 2651 2652 2653 2654 2655 2656 2657 2658 2659 2660 2661 2662 2663 2664 2665 2666 2667 2668 2669 2670 2671 2672 2673 
0
MESH_VERTICAL
0
1
0
3
FLUID_INST
162
1 4 5 8 9 12 13 16 17 20 21 24 25 28 29 32 33 36 37 40 41 44 45 48 49 52 53 56 57 60 61 64 65 68 69 72 73 76 77 80 81 84 85 88 89 92 93 96 97 100 101 104 105 108 109 112 113 116 117 120 121 124 125 128 129 132 133 136 137 140 141 144 145 148 149 152 153 156 157 160 161 164 165 168 169 172 173 176 177 180 181 184 185 188 189 192 193 196 197 200 201 204 205 208 209 212 213 216 217 220 221 224 225 228 229 232 233 236 237 240 241 244 245 248 249 252 253 256 257 260 261 264 265 268 269 272 273 276 277 280 281 284 285 288 289 292 293 296 297 300 301 304 305 308 309 312 313 316 317 320 321 324 
PIPE_INST
162
325 328 329 332 333 336 337 340 341 344 345 348 349 352 353 356 357 360 361 364 365 368 369 372 373 376 377 380 381 384 385 388 389 392 393 396 397 400 401 404 405 408 409 412 413 416 417 420 421 424 425 428 429 432 433 436 437 440 441 444 445 448 449 452 453 456 457 460 461 464 465 468 469 472 473 476 477 480 481 484 485 488 489 492 493 496 497 500 501 504 505 508 509 512 513 516 517 520 521 524 525 528 529 532 533 536 537 540 541 544 545 548 549 552 553 556 557 560 561 564 565 568 569 572 573 576 577 580 581 584 585 588 589 592 593 596 597 600 601 604 605 608 609 612 613 616 617 620 621 624 625 628 629 632 633 636 637 640 641 644 645 648 
ROCK_INST
162
649 673 674 698 699 723 724 748 749 773 774 798 799 823 824 848 849 873 874 898 899 923 924 948 949 973 974 998 999 1023 1024 1048 1049 1073 1074 1098 1099 1123 1124 1148 1149 1173 1174 1198 1199 1223 1224 1248 1249 1273 1274 1298 1299 1323 1324 1348 1349 1373 1374 1398 1399 1423 1424 1448 1449 1473 1474 1498 1499 1523 1524 1548 1549 1573 1574 1598 1599 1623 1624 1648 1649 1673 1674 1698 1699 1723 1724 1748 1749 1773 1774 1798 1799 1823 1824 1848 1849 1873 1874 1898 1899 1923 1924 1948 1949 1973 1974 1998 1999 2023 2024 2048 2049 2073 2074 2098 2099 2123 2124 2148 2149 2173 2174 2198 2199 2223 2224 2248 2249 2273 2274 2298 2299 2323 2324 2348 2349 2373 2374 2398 2399 2423 2424 2448 2449 2473 2474 2498 2499 2523 2524 2548 2549 2573 2574 2598 2599 2623 2624 2648 2649 2673 
0
ROCK_BC
0
1
0
1
ROCK_INST
81
649 674 699 724 749 774 799 824 849 874 899 924 949 974 999 1024 1049 1074 1099 1124 1149 1174 1199 1224 1249 1274 1299 1324 1349 1374 1399 1424 1449 1474 1499 1524 1549 1574 1599 1624 1649 1674 1699 1724 1749 1774 1799 1824 1849 1874 1899 1924 1949 1974 1999 2024 2049 2074 2099 2124 2149 2174 2199 2224 2249 2274 2299 2324 2349 2374 2399 2424 2449 2474 2499 2524 2549 2574 2599 2624 2649 
0
ROCK_OUTPUT
0
1
0
1
ROCK_INST
14
-2147483647
48 1 16 5 0 1 0 -1 -1 2025 1 -1879048189 649 2025 
0
WarnNodeICDef
0
1
0
2
PIPE_INST
81
328 332 336 340 344 348 352 356 360 364 368 372 376 380 384 388 392 396 400 404 408 412 416 420 424 428 432 436 440 444 448 452 456 460 464 468 472 476 480 484 488 492 496 500 504 508 512 516 520 524 528 532 536 540 544 548 552 556 560 564 568 572 576 580 584 588 592 596 600 604 608 612 616 620 624 628 632 636 640 644 648 
ROCK_INST
81
649 674 699 724 749 774 799 824 849 874 899 924 949 974 999 1024 1049 1074 1099 1124 1149 1174 1199 1224 1249 1274 1299 1324 1349 1374 1399 1424 1449 1474 1499 1524 1549 1574 1599 1624 1649 1674 1699 1724 1749 1774 1799 1824 1849 1874 1899 1924 1949 1974 1999 2024 2049 2074 2099 2124 2149 2174 2199 2224 2249 2274 2299 2324 2349 2374 2399 2424 2449 2474 2499 2524 2549 2574 2599 2624 2649 
0
YSYM_BASE
0
1
0
3
FLUID_INST
4
321 322 323 324 
PIPE_INST
4
645 646 647 648 
ROCK_INST
25
2649 2650 2651 2652 2653 2654 2655 2656 2657 2658 2659 2660 2661 2662 2663 2664 2665 2666 2667 2668 2669 2670 2671 2672 2673 
0
YSYM_TOP
0
1
0
3
FLUID_INST
4
1 2 3 4 
PIPE_INST
4
325 326 327 328 
ROCK_INST
25
649 650 651 652 653 654 655 656 657 658 659 660 661 662 663 664 665 666 667 668 669 670 671 672 673 
0
3
FLUID_INST
17
 P       1
0
2
14
-2147483647
48 1 16 5 0 1 0 -1 -1 324 1 -1879048189 1 324 
0
0
 P       1ALL
0
2
14
-2147483647
48 1 16 5 0 1 0 -1 -1 324 1 -1879048189 1 324 
0
0
 P       1FASEI
0
2
14
-2147483647
48 1 16 5 0 1 0 -1 -1 324 1 -1879048189 1 324 
0
0
 P       1MESH_VERTICAL
0
2
162
1 4 5 8 9 12 13 16 17 20 21 24 25 28 29 32 33 36 37 40 41 44 45 48 49 52 53 56 57 60 61 64 65 68 69 72 73 76 77 80 81 84 85 88 89 92 93 96 97 100 101 104 105 108 109 112 113 116 117 120 121 124 125 128 129 132 133 136 137 140 141 144 145 148 149 152 153 156 157 160 161 164 165 168 169 172 173 176 177 180 181 184 185 188 189 192 193 196 197 200 201 204 205 208 209 212 213 216 217 220 221 224 225 228 229 232 233 236 237 240 241 244 245 248 249 252 253 256 257 260 261 264 265 268 269 272 273 276 277 280 281 284 285 288 289 292 293 296 297 300 301 304 305 308 309 312 313 316 317 320 321 324 
0
0
 P       1YSYM_BASE
0
2
4
321 322 323 324 
0
0
 P       1YSYM_TOP
0
2
4
1 2 3 4 
0
0
FASEI_ANNULAR
0
1
14
-2147483647
48 1 16 5 0 1 0 -1 -1 324 1 -1879048189 1 324 
0
0
FASEI_ANNULAR_BASE
0
1
4
321 322 323 324 
0
0
FASEI_ANNULAR_ID
0
1
81
4 8 12 16 20 24 28 32 36 40 44 48 52 56 60 64 68 72 76 80 84 88 92 96 100 104 108 112 116 120 124 128 132 136 140 144 148 152 156 160 164 168 172 176 180 184 188 192 196 200 204 208 212 216 220 224 228 232 236 240 244 248 252 256 260 264 268 272 276 280 284 288 292 296 300 304 308 312 316 320 324 
0
0
FASEI_ANNULAR_OD
0
1
81
1 5 9 13 17 21 25 29 33 37 41 45 49 53 57 61 65 69 73 77 81 85 89 93 97 101 105 109 113 117 121 125 129 133 137 141 145 149 153 157 161 165 169 173 177 181 185 189 193 197 201 205 209 213 217 221 225 229 233 237 241 245 249 253 257 261 265 269 273 277 281 285 289 293 297 301 305 309 313 317 321 
0
0
FASEI_ANNULAR_TOP
0
1
4
1 2 3 4 
0
0
FASEI_ANNULAR_TT
0
1
8
1 2 3 4 321 322 323 324 
0
0
FASEI_FLUIDO
0
1
14
-2147483647
48 1 16 5 0 1 0 -1 -1 324 1 -1879048189 1 324 
0
0
FASEI_FLUIDO_BASE
0
1
4
321 322 323 324 
0
0
FASEI_FLUIDO_ID
0
1
81
4 8 12 16 20 24 28 32 36 40 44 48 52 56 60 64 68 72 76 80 84 88 92 96 100 104 108 112 116 120 124 128 132 136 140 144 148 152 156 160 164 168 172 176 180 184 188 192 196 200 204 208 212 216 220 224 228 232 236 240 244 248 252 256 260 264 268 272 276 280 284 288 292 296 300 304 308 312 316 320 324 
0
0
FASEI_FLUIDO_OD
0
1
81
1 5 9 13 17 21 25 29 33 37 41 45 49 53 57 61 65 69 73 77 81 85 89 93 97 101 105 109 113 117 121 125 129 133 137 141 145 149 153 157 161 165 169 173 177 181 185 189 193 197 201 205 209 213 217 221 225 229 233 237 241 245 249 253 257 261 265 269 273 277 281 285 289 293 297 301 305 309 313 317 321 
0
0
FASEI_FLUIDO_TOP
0
1
4
1 2 3 4 
0
0
0
PIPE_INST
14
 P       2
0
2
14
-2147483647
48 1 16 5 0 1 0 -1 -1 324 1 -1879048189 325 324 
0
0
 P       2ALL
0
2
14
-2147483647
48 1 16 5 0 1 0 -1 -1 324 1 -1879048189 325 324 
0
0
 P       2FASEI
0
2
14
-2147483647
48 1 16 5 0 1 0 -1 -1 324 1 -1879048189 325 324 
0
0
 P       2MESH_VERTICAL
0
2
162
325 328 329 332 333 336 337 340 341 344 345 348 349 352 353 356 357 360 361 364 365 368 369 372 373 376 377 380 381 384 385 388 389 392 393 396 397 400 401 404 405 408 409 412 413 416 417 420 421 424 425 428 429 432 433 436 437 440 441 444 445 448 449 452 453 456 457 460 461 464 465 468 469 472 473 476 477 480 481 484 485 488 489 492 493 496 497 500 501 504 505 508 509 512 513 516 517 520 521 524 525 528 529 532 533 536 537 540 541 544 545 548 549 552 553 556 557 560 561 564 565 568 569 572 573 576 577 580 581 584 585 588 589 592 593 596 597 600 601 604 605 608 609 612 613 616 617 620 621 624 625 628 629 632 633 636 637 640 641 644 645 648 
0
0
 P       2WarnNodeICDef
0
2
81
328 332 336 340 344 348 352 356 360 364 368 372 376 380 384 388 392 396 400 404 408 412 416 420 424 428 432 436 440 444 448 452 456 460 464 468 472 476 480 484 488 492 496 500 504 508 512 516 520 524 528 532 536 540 544 548 552 556 560 564 568 572 576 580 584 588 592 596 600 604 608 612 616 620 624 628 632 636 640 644 648 
0
0
 P       2YSYM_BASE
0
2
4
645 646 647 648 
0
0
 P       2YSYM_TOP
0
2
4
325 326 327 328 
0
0
FASEI_REV
0
1
14
-2147483647
48 1 16 5 0 1 0 -1 -1 324 1 -1879048189 325 324 
0
0
FASEI_REV_ABOVE_TOC
0
1
14
-2147483647
48 1 16 5 0 1 0 -1 -1 324 1 -1879048189 325 324 
0
0
FASEI_REV_BASE
0
1
4
645 646 647 648 
0
0
FASEI_REV_ID
0
1
81
328 332 336 340 344 348 352 356 360 364 368 372 376 380 384 388 392 396 400 404 408 412 416 420 424 428 432 436 440 444 448 452 456 460 464 468 472 476 480 484 488 492 496 500 504 508 512 516 520 524 528 532 536 540 544 548 552 556 560 564 568 572 576 580 584 588 592 596 600 604 608 612 616 620 624 628 632 636 640 644 648 
0
0
FASEI_REV_OD
0
1
81
325 329 333 337 341 345 349 353 357 361 365 369 373 377 381 385 389 393 397 401 405 409 413 417 421 425 429 433 437 441 445 449 453 457 461 465 469 473 477 481 485 489 493 497 501 505 509 513 517 521 525 529 533 537 541 545 549 553 557 561 565 569 573 577 581 585 589 593 597 601 605 609 613 617 621 625 629 633 637 641 645 
0
0
FASEI_REV_TOP
0
1
4
325 326 327 328 
0
0
FASEI_REV_TT
0
1
8
325 326 327 328 645 646 647 648 
0
0
0
ROCK_INST
13
 P       3
0
2
14
-2147483647
48 1 16 5 0 1 0 -1 -1 2025 1 -1879048189 649 2025 
0
0
 P       3ALL
0
2
14
-2147483647
48 1 16 5 0 1 0 -1 -1 2025 1 -1879048189 649 2025 
0
0
 P       3MESH_VERTICAL
0
2
162
649 673 674 698 699 723 724 748 749 773 774 798 799 823 824 848 849 873 874 898 899 923 924 948 949 973 974 998 999 1023 1024 1048 1049 1073 1074 1098 1099 1123 1124 1148 1149 1173 1174 1198 1199 1223 1224 1248 1249 1273 1274 1298 1299 1323 1324 1348 1349 1373 1374 1398 1399 1423 1424 1448 1449 1473 1474 1498 1499 1523 1524 1548 1549 1573 1574 1598 1599 1623 1624 1648 1649 1673 1674 1698 1699 1723 1724 1748 1749 1773 1774 1798 1799 1823 1824 1848 1849 1873 1874 1898 1899 1923 1924 1948 1949 1973 1974 1998 1999 2023 2024 2048 2049 2073 2074 2098 2099 2123 2124 2148 2149 2173 2174 2198 2199 2223 2224 2248 2249 2273 2274 2298 2299 2323 2324 2348 2349 2373 2374 2398 2399 2423 2424 2448 2449 2473 2474 2498 2499 2523 2524 2548 2549 2573 2574 2598 2599 2623 2624 2648 2649 2673 
0
0
 P       3WarnNodeICDef
0
2
81
649 674 699 724 749 774 799 824 849 874 899 924 949 974 999 1024 1049 1074 1099 1124 1149 1174 1199 1224 1249 1274 1299 1324 1349 1374 1399 1424 1449 1474 1499 1524 1549 1574 1599 1624 1649 1674 1699 1724 1749 1774 1799 1824 1849 1874 1899 1924 1949 1974 1999 2024 2049 2074 2099 2124 2149 2174 2199 2224 2249 2274 2299 2324 2349 2374 2399 2424 2449 2474 2499 2524 2549 2574 2599 2624 2649 
0
0
 P       3YSYM_BASE
0
2
25
2649 2650 2651 2652 2653 2654 2655 2656 2657 2658 2659 2660 2661 2662 2663 2664 2665 2666 2667 2668 2669 2670 2671 2672 2673 
0
0
 P       3YSYM_TOP
0
2
25
649 650 651 652 653 654 655 656 657 658 659 660 661 662 663 664 665 666 667 668 669 670 671 672 673 
0
0
ALLROCK
0
1
14
-2147483647
48 1 16 5 0 1 0 -1 -1 2025 1 -1879048189 649 2025 
0
0
FASEI_SLAVE
0
1
14
-2147483647
48 1 16 5 0 1 0 -1 -1 2025 1 -1879048189 649 2025 
0
0
L1-I
0
1
14
-2147483647
48 1 16 5 0 1 0 -1 -1 2025 1 -1879048189 649 2025 
0
0
L1-I_BASE
0
1
25
2649 2650 2651 2652 2653 2654 2655 2656 2657 2658 2659 2660 2661 2662 2663 2664 2665 2666 2667 2668 2669 2670 2671 2672 2673 
0
0
L1-I_ID
0
1
81
673 698 723 748 773 798 823 848 873 898 923 948 973 998 1023 1048 1073 1098 1123 1148 1173 1198 1223 1248 1273 1298 1323 1348 1373 1398 1423 1448 1473 1498 1523 1548 1573 1598 1623 1648 1673 1698 1723 1748 1773 1798 1823 1848 1873 1898 1923 1948 1973 1998 2023 2048 2073 2098 2123 2148 2173 2198 2223 2248 2273 2298 2323 2348 2373 2398 2423 2448 2473 2498 2523 2548 2573 2598 2623 2648 2673 
0
0
L1-I_OD
0
1
81
649 674 699 724 749 774 799 824 849 874 899 924 949 974 999 1024 1049 1074 1099 1124 1149 1174 1199 1224 1249 1274 1299 1324 1349 1374 1399 1424 1449 1474 1499 1524 1549 1574 1599 1624 1649 1674 1699 1724 1749 1774 1799 1824 1849 1874 1899 1924 1949 1974 1999 2024 2049 2074 2099 2124 2149 2174 2199 2224 2249 2274 2299 2324 2349 2374 2399 2424 2449 2474 2499 2524 2549 2574 2599 2624 2649 
0
0
L1-I_TOP
0
1
25
649 650 651 652 653 654 655 656 657 658 659 660 661 662 663 664 665 666 667 668 669 670 671 672 673 
0
0
0
0
8
FASEI_ANNULAR
0
0
0
1
FLUID_INST
0
0
4
S1
3
1 2 3 
S2
80
3 6 9 12 15 18 21 24 27 30 33 36 39 42 45 48 51 54 57 60 63 66 69 72 75 78 81 84 87 90 93 96 99 102 105 108 111 114 117 120 123 126 129 132 135 138 141 144 147 150 153 156 159 162 165 168 171 174 177 180 183 186 189 192 195 198 201 204 207 210 213 216 219 222 225 228 231 234 237 240 
S4
80
1 4 7 10 13 16 19 22 25 28 31 34 37 40 43 46 49 52 55 58 61 64 67 70 73 76 79 82 85 88 91 94 97 100 103 106 109 112 115 118 121 124 127 130 133 136 139 142 145 148 151 154 157 160 163 166 169 172 175 178 181 184 187 190 193 196 199 202 205 208 211 214 217 220 223 226 229 232 235 238 
S3
3
238 239 240 
FASEI_COMPLETED_WELL
0
0
0
1
PIPE_INST
0
0
1
S2
80
243 246 249 252 255 258 261 264 267 270 273 276 279 282 285 288 291 294 297 300 303 306 309 312 315 318 321 324 327 330 333 336 339 342 345 348 351 354 357 360 363 366 369 372 375 378 381 384 387 390 393 396 399 402 405 408 411 414 417 420 423 426 429 432 435 438 441 444 447 450 453 456 459 462 465 468 471 474 477 480 
FASEI_FLUIDO
0
0
0
2
PIPE_INST
0
0
1
S4
80
241 244 247 250 253 256 259 262 265 268 271 274 277 280 283 286 289 292 295 298 301 304 307 310 313 316 319 322 325 328 331 334 337 340 343 346 349 352 355 358 361 364 367 370 373 376 379 382 385 388 391 394 397 400 403 406 409 412 415 418 421 424 427 430 433 436 439 442 445 448 451 454 457 460 463 466 469 472 475 478 
ROCK_INST
0
0
1
S2
80
504 528 552 576 600 624 648 672 696 720 744 768 792 816 840 864 888 912 936 960 984 1008 1032 1056 1080 1104 1128 1152 1176 1200 1224 1248 1272 1296 1320 1344 1368 1392 1416 1440 1464 1488 1512 1536 1560 1584 1608 1632 1656 1680 1704 1728 1752 1776 1800 1824 1848 1872 1896 1920 1944 1968 1992 2016 2040 2064 2088 2112 2136 2160 2184 2208 2232 2256 2280 2304 2328 2352 2376 2400 
FASEI_MASTER
0
0
0
1
PIPE_INST
0
0
1
S4
80
241 244 247 250 253 256 259 262 265 268 271 274 277 280 283 286 289 292 295 298 301 304 307 310 313 316 319 322 325 328 331 334 337 340 343 346 349 352 355 358 361 364 367 370 373 376 379 382 385 388 391 394 397 400 403 406 409 412 415 418 421 424 427 430 433 436 439 442 445 448 451 454 457 460 463 466 469 472 475 478 
FASEI_OPEN_WELL
0
0
0
1
ROCK_INST
0
0
1
S2
80
504 528 552 576 600 624 648 672 696 720 744 768 792 816 840 864 888 912 936 960 984 1008 1032 1056 1080 1104 1128 1152 1176 1200 1224 1248 1272 1296 1320 1344 1368 1392 1416 1440 1464 1488 1512 1536 1560 1584 1608 1632 1656 1680 1704 1728 1752 1776 1800 1824 1848 1872 1896 1920 1944 1968 1992 2016 2040 2064 2088 2112 2136 2160 2184 2208 2232 2256 2280 2304 2328 2352 2376 2400 
FASEI_REV
0
0
0
1
PIPE_INST
0
0
4
S1
3
241 242 243 
S2
80
243 246 249 252 255 258 261 264 267 270 273 276 279 282 285 288 291 294 297 300 303 306 309 312 315 318 321 324 327 330 333 336 339 342 345 348 351 354 357 360 363 366 369 372 375 378 381 384 387 390 393 396 399 402 405 408 411 414 417 420 423 426 429 432 435 438 441 444 447 450 453 456 459 462 465 468 471 474 477 480 
S4
80
241 244 247 250 253 256 259 262 265 268 271 274 277 280 283 286 289 292 295 298 301 304 307 310 313 316 319 322 325 328 331 334 337 340 343 346 349 352 355 358 361 364 367 370 373 376 379 382 385 388 391 394 397 400 403 406 409 412 415 418 421 424 427 430 433 436 439 442 445 448 451 454 457 460 463 466 469 472 475 478 
S3
3
478 479 480 
FASEI_WELL
0
0
0
1
ROCK_INST
0
0
1
S2
80
504 528 552 576 600 624 648 672 696 720 744 768 792 816 840 864 888 912 936 960 984 1008 1032 1056 1080 1104 1128 1152 1176 1200 1224 1248 1272 1296 1320 1344 1368 1392 1416 1440 1464 1488 1512 1536 1560 1584 1608 1632 1656 1680 1704 1728 1752 1776 1800 1824 1848 1872 1896 1920 1944 1968 1992 2016 2040 2064 2088 2112 2136 2160 2184 2208 2232 2256 2280 2304 2328 2352 2376 2400 
ROCK_INST_FASEI_SLAVE_CNS_
1
0
0
1
ROCK_INST
1
0
2025
649
1
650
1
651
1
652
1
653
1
654
1
655
1
656
1
657
1
658
1
659
1
660
1
661
1
662
1
663
1
664
1
665
1
666
1
667
1
668
1
669
1
670
1
671
1
672
1
673
1
674
1
675
1
676
1
677
1
678
1
679
1
680
1
681
1
682
1
683
1
684
1
685
1
686
1
687
1
688
1
689
1
690
1
691
1
692
1
693
1
694
1
695
1
696
1
697
1
698
1
699
1
700
1
701
1
702
1
703
1
704
1
705
1
706
1
707
1
708
1
709
1
710
1
711
1
712
1
713
1
714
1
715
1
716
1
717
1
718
1
719
1
720
1
721
1
722
1
723
1
724
1
725
1
726
1
727
1
728
1
729
1
730
1
731
1
732
1
733
1
734
1
735
1
736
1
737
1
738
1
739
1
740
1
741
1
742
1
743
1
744
1
745
1
746
1
747
1
748
1
749
1
750
1
751
1
752
1
753
1
754
1
755
1
756
1
757
1
758
1
759
1
760
1
761
1
762
1
763
1
764
1
765
1
766
1
767
1
768
1
769
1
770
1
771
1
772
1
773
1
774
1
775
1
776
1
777
1
778
1
779
1
780
1
781
1
782
1
783
1
784
1
785
1
786
1
787
1
788
1
789
1
790
1
791
1
792
1
793
1
794
1
795
1
796
1
797
1
798
1
799
1
800
1
801
1
802
1
803
1
804
1
805
1
806
1
807
1
808
1
809
1
810
1
811
1
812
1
813
1
814
1
815
1
816
1
817
1
818
1
819
1
820
1
821
1
822
1
823
1
824
1
825
1
826
1
827
1
828
1
829
1
830
1
831
1
832
1
833
1
834
1
835
1
836
1
837
1
838
1
839
1
840
1
841
1
842
1
843
1
844
1
845
1
846
1
847
1
848
1
849
1
850
1
851
1
852
1
853
1
854
1
855
1
856
1
857
1
858
1
859
1
860
1
861
1
862
1
863
1
864
1
865
1
866
1
867
1
868
1
869
1
870
1
871
1
872
1
873
1
874
1
875
1
876
1
877
1
878
1
879
1
880
1
881
1
882
1
883
1
884
1
885
1
886
1
887
1
888
1
889
1
890
1
891
1
892
1
893
1
894
1
895
1
896
1
897
1
898
1
899
1
900
1
901
1
902
1
903
1
904
1
905
1
906
1
907
1
908
1
909
1
910
1
911
1
912
1
913
1
914
1
915
1
916
1
917
1
918
1
919
1
920
1
921
1
922
1
923
1
924
1
925
1
926
1
927
1
928
1
929
1
930
1
931
1
932
1
933
1
934
1
935
1
936
1
937
1
938
1
939
1
940
1
941
1
942
1
943
1
944
1
945
1
946
1
947
1
948
1
949
1
950
1
951
1
952
1
953
1
954
1
955
1
956
1
957
1
958
1
959
1
960
1
961
1
962
1
963
1
964
1
965
1
966
1
967
1
968
1
969
1
970
1
971
1
972
1
973
1
974
1
975
1
976
1
977
1
978
1
979
1
980
1
981
1
982
1
983
1
984
1
985
1
986
1
987
1
988
1
989
1
990
1
991
1
992
1
993
1
994
1
995
1
996
1
997
1
998
1
999
1
1000
1
1001
1
1002
1
1003
1
1004
1
1005
1
1006
1
1007
1
1008
1
1009
1
1010
1
1011
1
1012
1
1013
1
1014
1
1015
1
1016
1
1017
1
1018
1
1019
1
1020
1
1021
1
1022
1
1023
1
1024
1
1025
1
1026
1
1027
1
1028
1
1029
1
1030
1
1031
1
1032
1
1033
1
1034
1
1035
1
1036
1
1037
1
1038
1
1039
1
1040
1
1041
1
1042
1
1043
1
1044
1
1045
1
1046
1
1047
1
1048
1
1049
1
1050
1
1051
1
1052
1
1053
1
1054
1
1055
1
1056
1
1057
1
1058
1
1059
1
1060
1
1061
1
1062
1
1063
1
1064
1
1065
1
1066
1
1067
1
1068
1
1069
1
1070
1
1071
1
1072
1
1073
1
1074
1
1075
1
1076
1
1077
1
1078
1
1079
1
1080
1
1081
1
1082
1
1083
1
1084
1
1085
1
1086
1
1087
1
1088
1
1089
1
1090
1
1091
1
1092
1
1093
1
1094
1
1095
1
1096
1
1097
1
1098
1
1099
1
1100
1
1101
1
1102
1
1103
1
1104
1
1105
1
1106
1
1107
1
1108
1
1109
1
1110
1
1111
1
1112
1
1113
1
1114
1
1115
1
1116
1
1117
1
1118
1
1119
1
1120
1
1121
1
1122
1
1123
1
1124
1
1125
1
1126
1
1127
1
1128
1
1129
1
1130
1
1131
1
1132
1
1133
1
1134
1
1135
1
1136
1
1137
1
1138
1
1139
1
1140
1
1141
1
1142
1
1143
1
1144
1
1145
1
1146
1
1147
1
1148
1
1149
1
1150
1
1151
1
1152
1
1153
1
1154
1
1155
1
1156
1
1157
1
1158
1
1159
1
1160
1
1161
1
1162
1
1163
1
1164
1
1165
1
1166
1
1167
1
1168
1
1169
1
1170
1
1171
1
1172
1
1173
1
1174
1
1175
1
1176
1
1177
1
1178
1
1179
1
1180
1
1181
1
1182
1
1183
1
1184
1
1185
1
1186
1
1187
1
1188
1
1189
1
1190
1
1191
1
1192
1
1193
1
1194
1
1195
1
1196
1
1197
1
1198
1
1199
1
1200
1
1201
1
1202
1
1203
1
1204
1
1205
1
1206
1
1207
1
1208
1
1209
1
1210
1
1211
1
1212
1
1213
1
1214
1
1215
1
1216
1
1217
1
1218
1
1219
1
1220
1
1221
1
1222
1
1223
1
1224
1
1225
1
1226
1
1227
1
1228
1
1229
1
1230
1
1231
1
1232
1
1233
1
1234
1
1235
1
1236
1
1237
1
1238
1
1239
1
1240
1
1241
1
1242
1
1243
1
1244
1
1245
1
1246
1
1247
1
1248
1
1249
1
1250
1
1251
1
1252
1
1253
1
1254
1
1255
1
1256
1
1257
1
1258
1
1259
1
1260
1
1261
1
1262
1
1263
1
1264
1
1265
1
1266
1
1267
1
1268
1
1269
1
1270
1
1271
1
1272
1
1273
1
1274
1
1275
1
1276
1
1277
1
1278
1
1279
1
1280
1
1281
1
1282
1
1283
1
1284
1
1285
1
1286
1
1287
1
1288
1
1289
1
1290
1
1291
1
1292
1
1293
1
1294
1
1295
1
1296
1
1297
1
1298
1
1299
1
1300
1
1301
1
1302
1
1303
1
1304
1
1305
1
1306
1
1307
1
1308
1
1309
1
1310
1
1311
1
1312
1
1313
1
1314
1
1315
1
1316
1
1317
1
1318
1
1319
1
1320
1
1321
1
1322
1
1323
1
1324
1
1325
1
1326
1
1327
1
1328
1
1329
1
1330
1
1331
1
1332
1
1333
1
1334
1
1335
1
1336
1
1337
1
1338
1
1339
1
1340
1
1341
1
1342
1
1343
1
1344
1
1345
1
1346
1
1347
1
1348
1
1349
1
1350
1
1351
1
1352
1
1353
1
1354
1
1355
1
1356
1
1357
1
1358
1
1359
1
1360
1
1361
1
1362
1
1363
1
1364
1
1365
1
1366
1
1367
1
1368
1
1369
1
1370
1
1371
1
1372
1
1373
1
1374
1
1375
1
1376
1
1377
1
1378
1
1379
1
1380
1
1381
1
1382
1
1383
1
1384
1
1385
1
1386
1
1387
1
1388
1
1389
1
1390
1
1391
1
1392
1
1393
1
1394
1
1395
1
1396
1
1397
1
1398
1
1399
1
1400
1
1401
1
1402
1
1403
1
1404
1
1405
1
1406
1
1407
1
1408
1
1409
1
1410
1
1411
1
1412
1
1413
1
1414
1
1415
1
1416
1
1417
1
1418
1
1419
1
1420
1
1421
1
1422
1
1423
1
1424
1
1425
1
1426
1
1427
1
1428
1
1429
1
1430
1
1431
1
1432
1
1433
1
1434
1
1435
1
1436
1
1437
1
1438
1
1439
1
1440
1
1441
1
1442
1
1443
1
1444
1
1445
1
1446
1
1447
1
1448
1
1449
1
1450
1
1451
1
1452
1
1453
1
1454
1
1455
1
1456
1
1457
1
1458
1
1459
1
1460
1
1461
1
1462
1
1463
1
1464
1
1465
1
1466
1
1467
1
1468
1
1469
1
1470
1
1471
1
1472
1
1473
1
1474
1
1475
1
1476
1
1477
1
1478
1
1479
1
1480
1
1481
1
1482
1
1483
1
1484
1
1485
1
1486
1
1487
1
1488
1
1489
1
1490
1
1491
1
1492
1
1493
1
1494
1
1495
1
1496
1
1497
1
1498
1
1499
1
1500
1
1501
1
1502
1
1503
1
1504
1
1505
1
1506
1
1507
1
1508
1
1509
1
1510
1
1511
1
1512
1
1513
1
1514
1
1515
1
1516
1
1517
1
1518
1
1519
1
1520
1
1521
1
1522
1
1523
1
1524
1
1525
1
1526
1
1527
1
1528
1
1529
1
1530
1
1531
1
1532
1
1533
1
1534
1
1535
1
1536
1
1537
1
1538
1
1539
1
1540
1
1541
1
1542
1
1543
1
1544
1
1545
1
1546
1
1547
1
1548
1
1549
1
1550
1
1551
1
1552
1
1553
1
1554
1
1555
1
1556
1
1557
1
1558
1
1559
1
1560
1
1561
1
1562
1
1563
1
1564
1
1565
1
1566
1
1567
1
1568
1
1569
1
1570
1
1571
1
1572
1
1573
1
1574
1
1575
1
1576
1
1577
1
1578
1
1579
1
1580
1
1581
1
1582
1
1583
1
1584
1
1585
1
1586
1
1587
1
1588
1
1589
1
1590
1
1591
1
1592
1
1593
1
1594
1
1595
1
1596
1
1597
1
1598
1
1599
1
1600
1
1601
1
1602
1
1603
1
1604
1
1605
1
1606
1
1607
1
1608
1
1609
1
1610
1
1611
1
1612
1
1613
1
1614
1
1615
1
1616
1
1617
1
1618
1
1619
1
1620
1
1621
1
1622
1
1623
1
1624
1
1625
1
1626
1
1627
1
1628
1
1629
1
1630
1
1631
1
1632
1
1633
1
1634
1
1635
1
1636
1
1637
1
1638
1
1639
1
1640
1
1641
1
1642
1
1643
1
1644
1
1645
1
1646
1
1647
1
1648
1
1649
1
1650
1
1651
1
1652
1
1653
1
1654
1
1655
1
1656
1
1657
1
1658
1
1659
1
1660
1
1661
1
1662
1
1663
1
1664
1
1665
1
1666
1
1667
1
1668
1
1669
1
1670
1
1671
1
1672
1
1673
1
1674
1
1675
1
1676
1
1677
1
1678
1
1679
1
1680
1
1681
1
1682
1
1683
1
1684
1
1685
1
1686
1
1687
1
1688
1
1689
1
1690
1
1691
1
1692
1
1693
1
1694
1
1695
1
1696
1
1697
1
1698
1
1699
1
1700
1
1701
1
1702
1
1703
1
1704
1
1705
1
1706
1
1707
1
1708
1
1709
1
1710
1
1711
1
1712
1
1713
1
1714
1
1715
1
1716
1
1717
1
1718
1
1719
1
1720
1
1721
1
1722
1
1723
1
1724
1
1725
1
1726
1
1727
1
1728
1
1729
1
1730
1
1731
1
1732
1
1733
1
1734
1
1735
1
1736
1
1737
1
1738
1
1739
1
1740
1
1741
1
1742
1
1743
1
1744
1
1745
1
1746
1
1747
1
1748
1
1749
1
1750
1
1751
1
1752
1
1753
1
1754
1
1755
1
1756
1
1757
1
1758
1
1759
1
1760
1
1761
1
1762
1
1763
1
1764
1
1765
1
1766
1
1767
1
1768
1
1769
1
1770
1
1771
1
1772
1
1773
1
1774
1
1775
1
1776
1
1777
1
1778
1
1779
1
1780
1
1781
1
1782
1
1783
1
1784
1
1785
1
1786
1
1787
1
1788
1
1789
1
1790
1
1791
1
1792
1
1793
1
1794
1
1795
1
1796
1
1797
1
1798
1
1799
1
1800
1
1801
1
1802
1
1803
1
1804
1
1805
1
1806
1
1807
1
1808
1
1809
1
1810
1
1811
1
1812
1
1813
1
1814
1
1815
1
1816
1
1817
1
1818
1
1819
1
1820
1
1821
1
1822
1
1823
1
1824
1
1825
1
1826
1
1827
1
1828
1
1829
1
1830
1
1831
1
1832
1
1833
1
1834
1
1835
1
1836
1
1837
1
1838
1
1839
1
1840
1
1841
1
1842
1
1843
1
1844
1
1845
1
1846
1
1847
1
1848
1
1849
1
1850
1
1851
1
1852
1
1853
1
1854
1
1855
1
1856
1
1857
1
1858
1
1859
1
1860
1
1861
1
1862
1
1863
1
1864
1
1865
1
1866
1
1867
1
1868
1
1869
1
1870
1
1871
1
1872
1
1873
1
1874
1
1875
1
1876
1
1877
1
1878
1
1879
1
1880
1
1881
1
1882
1
1883
1
1884
1
1885
1
1886
1
1887
1
1888
1
1889
1
1890
1
1891
1
1892
1
1893
1
1894
1
1895
1
1896
1
1897
1
1898
1
1899
1
1900
1
1901
1
1902
1
1903
1
1904
1
1905
1
1906
1
1907
1
1908
1
1909
1
1910
1
1911
1
1912
1
1913
1
1914
1
1915
1
1916
1
1917
1
1918
1
1919
1
1920
1
1921
1
1922
1
1923
1
1924
1
1925
1
1926
1
1927
1
1928
1
1929
1
1930
1
1931
1
1932
1
1933
1
1934
1
1935
1
1936
1
1937
1
1938
1
1939
1
1940
1
1941
1
1942
1
1943
1
1944
1
1945
1
1946
1
1947
1
1948
1
1949
1
1950
1
1951
1
1952
1
1953
1
1954
1
1955
1
1956
1
1957
1
1958
1
1959
1
1960
1
1961
1
1962
1
1963
1
1964
1
1965
1
1966
1
1967
1
1968
1
1969
1
1970
1
1971
1
1972
1
1973
1
1974
1
1975
1
1976
1
1977
1
1978
1
1979
1
1980
1
1981
1
1982
1
1983
1
1984
1
1985
1
1986
1
1987
1
1988
1
1989
1
1990
1
1991
1
1992
1
1993
1
1994
1
1995
1
1996
1
1997
1
1998
1
1999
1
2000
1
2001
1
2002
1
2003
1
2004
1
2005
1
2006
1
2007
1
2008
1
2009
1
2010
1
2011
1
2012
1
2013
1
2014
1
2015
1
2016
1
2017
1
2018
1
2019
1
2020
1
2021
1
2022
1
2023
1
2024
1
2025
1
2026
1
2027
1
2028
1
2029
1
2030
1
2031
1
2032
1
2033
1
2034
1
2035
1
2036
1
2037
1
2038
1
2039
1
2040
1
2041
1
2042
1
2043
1
2044
1
2045
1
2046
1
2047
1
2048
1
2049
1
2050
1
2051
1
2052
1
2053
1
2054
1
2055
1
2056
1
2057
1
2058
1
2059
1
2060
1
2061
1
2062
1
2063
1
2064
1
2065
1
2066
1
2067
1
2068
1
2069
1
2070
1
2071
1
2072
1
2073
1
2074
1
2075
1
2076
1
2077
1
2078
1
2079
1
2080
1
2081
1
2082
1
2083
1
2084
1
2085
1
2086
1
2087
1
2088
1
2089
1
2090
1
2091
1
2092
1
2093
1
2094
1
2095
1
2096
1
2097
1
2098
1
2099
1
2100
1
2101
1
2102
1
2103
1
2104
1
2105
1
2106
1
2107
1
2108
1
2109
1
2110
1
2111
1
2112
1
2113
1
2114
1
2115
1
2116
1
2117
1
2118
1
2119
1
2120
1
2121
1
2122
1
2123
1
2124
1
2125
1
2126
1
2127
1
2128
1
2129
1
2130
1
2131
1
2132
1
2133
1
2134
1
2135
1
2136
1
2137
1
2138
1
2139
1
2140
1
2141
1
2142
1
2143
1
2144
1
2145
1
2146
1
2147
1
2148
1
2149
1
2150
1
2151
1
2152
1
2153
1
2154
1
2155
1
2156
1
2157
1
2158
1
2159
1
2160
1
2161
1
2162
1
2163
1
2164
1
2165
1
2166
1
2167
1
2168
1
2169
1
2170
1
2171
1
2172
1
2173
1
2174
1
2175
1
2176
1
2177
1
2178
1
2179
1
2180
1
2181
1
2182
1
2183
1
2184
1
2185
1
2186
1
2187
1
2188
1
2189
1
2190
1
2191
1
2192
1
2193
1
2194
1
2195
1
2196
1
2197
1
2198
1
2199
1
2200
1
2201
1
2202
1
2203
1
2204
1
2205
1
2206
1
2207
1
2208
1
2209
1
2210
1
2211
1
2212
1
2213
1
2214
1
2215
1
2216
1
2217
1
2218
1
2219
1
2220
1
2221
1
2222
1
2223
1
2224
1
2225
1
2226
1
2227
1
2228
1
2229
1
2230
1
2231
1
2232
1
2233
1
2234
1
2235
1
2236
1
2237
1
2238
1
2239
1
2240
1
2241
1
2242
1
2243
1
2244
1
2245
1
2246
1
2247
1
2248
1
2249
1
2250
1
2251
1
2252
1
2253
1
2254
1
2255
1
2256
1
2257
1
2258
1
2259
1
2260
1
2261
1
2262
1
2263
1
2264
1
2265
1
2266
1
2267
1
2268
1
2269
1
2270
1
2271
1
2272
1
2273
1
2274
1
2275
1
2276
1
2277
1
2278
1
2279
1
2280
1
2281
1
2282
1
2283
1
2284
1
2285
1
2286
1
2287
1
2288
1
2289
1
2290
1
2291
1
2292
1
2293
1
2294
1
2295
1
2296
1
2297
1
2298
1
2299
1
2300
1
2301
1
2302
1
2303
1
2304
1
2305
1
2306
1
2307
1
2308
1
2309
1
2310
1
2311
1
2312
1
2313
1
2314
1
2315
1
2316
1
2317
1
2318
1
2319
1
2320
1
2321
1
2322
1
2323
1
2324
1
2325
1
2326
1
2327
1
2328
1
2329
1
2330
1
2331
1
2332
1
2333
1
2334
1
2335
1
2336
1
2337
1
2338
1
2339
1
2340
1
2341
1
2342
1
2343
1
2344
1
2345
1
2346
1
2347
1
2348
1
2349
1
2350
1
2351
1
2352
1
2353
1
2354
1
2355
1
2356
1
2357
1
2358
1
2359
1
2360
1
2361
1
2362
1
2363
1
2364
1
2365
1
2366
1
2367
1
2368
1
2369
1
2370
1
2371
1
2372
1
2373
1
2374
1
2375
1
2376
1
2377
1
2378
1
2379
1
2380
1
2381
1
2382
1
2383
1
2384
1
2385
1
2386
1
2387
1
2388
1
2389
1
2390
1
2391
1
2392
1
2393
1
2394
1
2395
1
2396
1
2397
1
2398
1
2399
1
2400
1
2401
1
2402
1
2403
1
2404
1
2405
1
2406
1
2407
1
2408
1
2409
1
2410
1
2411
1
2412
1
2413
1
2414
1
2415
1
2416
1
2417
1
2418
1
2419
1
2420
1
2421
1
2422
1
2423
1
2424
1
2425
1
2426
1
2427
1
2428
1
2429
1
2430
1
2431
1
2432
1
2433
1
2434
1
2435
1
2436
1
2437
1
2438
1
2439
1
2440
1
2441
1
2442
1
2443
1
2444
1
2445
1
2446
1
2447
1
2448
1
2449
1
2450
1
2451
1
2452
1
2453
1
2454
1
2455
1
2456
1
2457
1
2458
1
2459
1
2460
1
2461
1
2462
1
2463
1
2464
1
2465
1
2466
1
2467
1
2468
1
2469
1
2470
1
2471
1
2472
1
2473
1
2474
1
2475
1
2476
1
2477
1
2478
1
2479
1
2480
1
2481
1
2482
1
2483
1
2484
1
2485
1
2486
1
2487
1
2488
1
2489
1
2490
1
2491
1
2492
1
2493
1
2494
1
2495
1
2496
1
2497
1
2498
1
2499
1
2500
1
2501
1
2502
1
2503
1
2504
1
2505
1
2506
1
2507
1
2508
1
2509
1
2510
1
2511
1
2512
1
2513
1
2514
1
2515
1
2516
1
2517
1
2518
1
2519
1
2520
1
2521
1
2522
1
2523
1
2524
1
2525
1
2526
1
2527
1
2528
1
2529
1
2530
1
2531
1
2532
1
2533
1
2534
1
2535
1
2536
1
2537
1
2538
1
2539
1
2540
1
2541
1
2542
1
2543
1
2544
1
2545
1
2546
1
2547
1
2548
1
2549
1
2550
1
2551
1
2552
1
2553
1
2554
1
2555
1
2556
1
2557
1
2558
1
2559
1
2560
1
2561
1
2562
1
2563
1
2564
1
2565
1
2566
1
2567
1
2568
1
2569
1
2570
1
2571
1
2572
1
2573
1
2574
1
2575
1
2576
1
2577
1
2578
1
2579
1
2580
1
2581
1
2582
1
2583
1
2584
1
2585
1
2586
1
2587
1
2588
1
2589
1
2590
1
2591
1
2592
1
2593
1
2594
1
2595
1
2596
1
2597
1
2598
1
2599
1
2600
1
2601
1
2602
1
2603
1
2604
1
2605
1
2606
1
2607
1
2608
1
2609
1
2610
1
2611
1
2612
1
2613
1
2614
1
2615
1
2616
1
2617
1
2618
1
2619
1
2620
1
2621
1
2622
1
2623
1
2624
1
2625
1
2626
1
2627
1
2628
1
2629
1
2630
1
2631
1
2632
1
2633
1
2634
1
2635
1
2636
1
2637
1
2638
1
2639
1
2640
1
2641
1
2642
1
2643
1
2644
1
2645
1
2646
1
2647
1
2648
1
2649
1
2650
1
2651
1
2652
1
2653
1
2654
1
2655
1
2656
1
2657
1
2658
1
2659
1
2660
1
2661
1
2662
1
2663
1
2664
1
2665
1
2666
1
2667
1
2668
1
2669
1
2670
1
2671
1
2672
1
2673
1
